// Jest Snapshot v1, https://goo.gl/fbAQLP

exports[`containers/locationType/LocationTypeForm renders locationType form correctly 1`] = `
<LocationTypeForm
  formActionDispatch={[Function]}
  initialData={
    Object {
      "name": "Market",
    }
  }
>
  <Formik
    enableReinitialize={false}
    initialValues={
      Object {
        "name": "Market",
      }
    }
    isInitialValid={false}
    onSubmit={[Function]}
    render={[Function]}
    validateOnBlur={true}
    validateOnChange={true}
  >
    <div>
      <Form
        onSubmit={[Function]}
        tag="form"
      >
        <form
          className=""
          onSubmit={[Function]}
        >
          <FormGroup
            className="row"
            tag="div"
          >
            <div
              className="row form-group"
            >
              <Col
                sm="12"
                tag="div"
                widths={
                  Array [
                    "xs",
                    "sm",
                    "md",
                    "lg",
                    "xl",
                  ]
                }
              >
                <div
                  className="col-sm-12"
                >
                  <Input
                    aria-label="name"
                    bsSize="lg"
                    className=""
                    name="name"
                    onBlur={[Function]}
                    onChange={[Function]}
                    placeholder="Location Type Name"
                    type="text"
                    value="Market"
                  >
                    <input
                      aria-label="name"
                      className="form-control-lg form-control"
                      name="name"
                      onBlur={[Function]}
                      onChange={[Function]}
                      placeholder="Location Type Name"
                      type="text"
                      value="Market"
                    />
                  </Input>
                </div>
              </Col>
            </div>
          </FormGroup>
          <FormGroup
            className="row"
            tag="div"
          >
            <div
              className="row form-group"
            >
              <Col
                md={
                  Object {
                    "offset": 1,
                    "size": 5,
                  }
                }
                tag="div"
                widths={
                  Array [
                    "xs",
                    "sm",
                    "md",
                    "lg",
                    "xl",
                  ]
                }
              >
                <div
                  className="col-md-5 offset-md-1"
                >
                  <Button
                    className="btn btn-secondary btn-block"
                    color="secondary"
                    onClick={[Function]}
                    tag="button"
                  >
                    <button
                      className="btn btn-secondary btn-block btn btn-secondary"
                      onClick={[Function]}
                      type="button"
                    >
                       
                      Cancel
                       
                    </button>
                  </Button>
                </div>
              </Col>
              <Col
                md={
                  Object {
                    "size": 5,
                  }
                }
                tag="div"
                widths={
                  Array [
                    "xs",
                    "sm",
                    "md",
                    "lg",
                    "xl",
                  ]
                }
              >
                <div
                  className="col-md-5"
                >
                  <Button
                    className="btn btn-primary btn-block"
                    color="secondary"
                    disabled={false}
                    tag="button"
                    type="submit"
                  >
                    <button
                      className="btn btn-primary btn-block btn btn-secondary"
                      disabled={false}
                      onClick={[Function]}
                      type="submit"
                    >
                      Save Location Type
                    </button>
                  </Button>
                </div>
              </Col>
            </div>
          </FormGroup>
        </form>
      </Form>
    </div>
  </Formik>
</LocationTypeForm>
`;
