// Jest Snapshot v1, https://goo.gl/fbAQLP

exports[`components/page/Header renders header correctly 1`] = `
<Router
  history={
    Object {
      "action": "POP",
      "block": [Function],
      "createHref": [Function],
      "go": [Function],
      "goBack": [Function],
      "goForward": [Function],
      "length": 1,
      "listen": [Function],
      "location": Object {
        "hash": "",
        "pathname": "/",
        "search": "",
        "state": undefined,
      },
      "push": [Function],
      "replace": [Function],
    }
  }
>
  <Header
    profile_image="profile.png"
  >
    <header>
      <Container
        fluid={true}
        tag="div"
      >
        <div
          className="container-fluid"
        >
          <Navbar
            color="white"
            expand="md"
            light={true}
            tag="nav"
          >
            <nav
              className="navbar navbar-expand-md navbar-light bg-white"
            >
              <Link
                className="navbar-brand logo"
                replace={false}
                to="/"
              >
                <a
                  className="navbar-brand logo"
                  href="/"
                  onClick={[Function]}
                >
                  KAZNET
                </a>
              </Link>
              <NavbarToggler
                tag="button"
                type="button"
              >
                <button
                  className="navbar-toggler"
                  type="button"
                >
                  <span
                    className="navbar-toggler-icon"
                  />
                </button>
              </NavbarToggler>
              <Collapse
                appear={false}
                enter={true}
                exit={true}
                in={false}
                isOpen={false}
                mountOnEnter={false}
                navbar={true}
                onEnter={[Function]}
                onEntered={[Function]}
                onEntering={[Function]}
                onExit={[Function]}
                onExited={[Function]}
                onExiting={[Function]}
                tag="div"
                timeout={350}
                unmountOnExit={false}
              >
                <Transition
                  appear={false}
                  enter={true}
                  exit={true}
                  in={false}
                  mountOnEnter={false}
                  onEnter={[Function]}
                  onEntered={[Function]}
                  onEntering={[Function]}
                  onExit={[Function]}
                  onExited={[Function]}
                  onExiting={[Function]}
                  timeout={350}
                  unmountOnExit={false}
                >
                  <div
                    className="collapse navbar-collapse"
                    style={Object {}}
                  >
                    <Nav
                      navbar={true}
                      tag="ul"
                      vertical={false}
                    >
                      <ul
                        className="navbar-nav"
                      >
                        <NavItem
                          tag="li"
                        >
                          <li
                            className="nav-item"
                          >
                            <NavLink
                              activeClassName="active"
                              aria-current="page"
                              className="nav-link"
                              to="/tasks"
                            >
                              <Route
                                path="\\\\/tasks"
                              >
                                <Link
                                  aria-current={null}
                                  className="nav-link"
                                  replace={false}
                                  to="/tasks"
                                >
                                  <a
                                    aria-current={null}
                                    className="nav-link"
                                    href="/tasks"
                                    onClick={[Function]}
                                  >
                                    Tasks
                                  </a>
                                </Link>
                              </Route>
                            </NavLink>
                          </li>
                        </NavItem>
                        <NavItem
                          tag="li"
                        >
                          <li
                            className="nav-item"
                          >
                            <NavLink
                              activeClassName="active"
                              aria-current="page"
                              className="nav-link"
                              to="/clients"
                            >
                              <Route
                                path="\\\\/clients"
                              >
                                <Link
                                  aria-current={null}
                                  className="nav-link"
                                  replace={false}
                                  to="/clients"
                                >
                                  <a
                                    aria-current={null}
                                    className="nav-link"
                                    href="/clients"
                                    onClick={[Function]}
                                  >
                                    Clients
                                  </a>
                                </Link>
                              </Route>
                            </NavLink>
                          </li>
                        </NavItem>
                        <NavItem
                          tag="li"
                        >
                          <li
                            className="nav-item"
                          >
                            <Dropdown
                              active={false}
                              addonType={false}
                              direction="down"
                              inNavbar={false}
                              isOpen={false}
                              nav={false}
                              setActiveFromChild={false}
                              toggle={[Function]}
                            >
                              <Manager
                                className="dropdown"
                                onKeyDown={[Function]}
                                tag="div"
                              >
                                <div
                                  className="dropdown"
                                  onKeyDown={[Function]}
                                >
                                  <DropdownToggle
                                    aria-haspopup={true}
                                    caret={true}
                                    className="nav-link"
                                    color="secondary"
                                    tag="span"
                                  >
                                    <Target
                                      aria-expanded={false}
                                      aria-haspopup={true}
                                      className="nav-link dropdown-toggle"
                                      component="span"
                                      onClick={[Function]}
                                    >
                                      <span
                                        aria-expanded={false}
                                        aria-haspopup={true}
                                        className="nav-link dropdown-toggle"
                                        onClick={[Function]}
                                      >
                                        Locations
                                      </span>
                                    </Target>
                                  </DropdownToggle>
                                  <DropdownMenu
                                    flip={true}
                                    tag="div"
                                  >
                                    <div
                                      aria-hidden={true}
                                      className="dropdown-menu"
                                      role="menu"
                                      tabIndex="-1"
                                    >
                                      <NavLink
                                        activeClassName=""
                                        aria-current="page"
                                        className="nav-link"
                                        to="/locations"
                                      >
                                        <Route
                                          path="\\\\/locations"
                                        >
                                          <Link
                                            aria-current={null}
                                            className="nav-link"
                                            replace={false}
                                            to="/locations"
                                          >
                                            <a
                                              aria-current={null}
                                              className="nav-link"
                                              href="/locations"
                                              onClick={[Function]}
                                            >
                                              <DropdownItem
                                                className="nav-link"
                                                tag="button"
                                                toggle={true}
                                              >
                                                <button
                                                  className="nav-link dropdown-item"
                                                  onClick={[Function]}
                                                  tabIndex="0"
                                                  type="button"
                                                >
                                                  Locations
                                                </button>
                                              </DropdownItem>
                                            </a>
                                          </Link>
                                        </Route>
                                      </NavLink>
                                      <DropdownItem
                                        tag="button"
                                        toggle={true}
                                      >
                                        <button
                                          className="dropdown-item"
                                          onClick={[Function]}
                                          tabIndex="0"
                                          type="button"
                                        />
                                      </DropdownItem>
                                      <NavLink
                                        activeClassName=""
                                        aria-current="page"
                                        className="nav-link"
                                        to="/locationstypes"
                                      >
                                        <Route
                                          path="\\\\/locationstypes"
                                        >
                                          <Link
                                            aria-current={null}
                                            className="nav-link"
                                            replace={false}
                                            to="/locationstypes"
                                          >
                                            <a
                                              aria-current={null}
                                              className="nav-link"
                                              href="/locationstypes"
                                              onClick={[Function]}
                                            >
                                              <DropdownItem
                                                className="nav-link"
                                                tag="button"
                                                toggle={true}
                                              >
                                                <button
                                                  className="nav-link dropdown-item"
                                                  onClick={[Function]}
                                                  tabIndex="0"
                                                  type="button"
                                                >
                                                  Location Types
                                                </button>
                                              </DropdownItem>
                                            </a>
                                          </Link>
                                        </Route>
                                      </NavLink>
                                    </div>
                                  </DropdownMenu>
                                </div>
                              </Manager>
                            </Dropdown>
                          </li>
                        </NavItem>
                        <NavItem
                          tag="li"
                        >
                          <li
                            className="nav-item"
                          >
                            <NavLink
                              activeClassName="active"
                              aria-current="page"
                              className="nav-link"
                              to="/users"
                            >
                              <Route
                                path="\\\\/users"
                              >
                                <Link
                                  aria-current={null}
                                  className="nav-link"
                                  replace={false}
                                  to="/users"
                                >
                                  <a
                                    aria-current={null}
                                    className="nav-link"
                                    href="/users"
                                    onClick={[Function]}
                                  >
                                    Users
                                  </a>
                                </Link>
                              </Route>
                            </NavLink>
                          </li>
                        </NavItem>
                      </ul>
                    </Nav>
                    <Nav
                      className="ml-auto"
                      navbar={true}
                      tag="ul"
                      vertical={false}
                    >
                      <ul
                        className="ml-auto navbar-nav"
                      >
                        <NavItem
                          tag="li"
                        >
                          <li
                            className="nav-item"
                          >
                            <img
                              alt="profile"
                              className="img-fluid rounded-circle userprofile-img"
                              src="profile.png"
                            />
                          </li>
                        </NavItem>
                      </ul>
                    </Nav>
                  </div>
                </Transition>
              </Collapse>
            </nav>
          </Navbar>
        </div>
      </Container>
    </header>
  </Header>
</Router>
`;
