// Jest Snapshot v1, https://goo.gl/fbAQLP

exports[`components/tasks/TaskDetailTitle renders the correct html 1`] = `
<ErrorBoundary>
  <Router
    history={
      Object {
        "action": "POP",
        "block": [Function],
        "createHref": [Function],
        "go": [Function],
        "goBack": [Function],
        "goForward": [Function],
        "length": 1,
        "listen": [Function],
        "location": Object {
          "hash": "",
          "pathname": "/",
          "search": "",
          "state": undefined,
        },
        "push": [Function],
        "replace": [Function],
      }
    }
  >
    <TaskDetailTitle
      task={
        Object {
          "attributes": Object {
            "approved_submissions_count": 1,
            "client_name": "Client 1",
            "created": "2018-07-10T16:50:20.165320+03:00",
            "created_by_name": "Ona User",
            "current_bounty_amount": "55 KES",
            "description": "This is an awesome task",
            "end": "2020-07-10T12:00:00+03:00",
            "estimated_time": "00:15:00",
            "modified": "2018-07-12T17:08:58.621899+03:00",
            "name": "Kaznet",
            "pending_submissions_count": 0,
            "rejected_submissions_count": 0,
            "required_expertise": "1",
            "required_expertise_display": "Beginner",
            "start": "2018-07-10T12:00:00+03:00",
            "status": "a",
            "status_display": "Active",
            "submission_count": 0,
            "target_id": 20,
            "task_locations": Array [
              Object {
                "created": "2018-07-12T17:38:21.527548+03:00",
                "end": "18:00:00",
                "location": Object {
                  "id": "1",
                  "type": "Location",
                },
                "location_description": "Voi is cool",
                "location_name": "Voi",
                "modified": "2018-07-12T17:38:21.527572+03:00",
                "start": "06:00:00",
                "task": Object {
                  "id": "4",
                  "type": "Task",
                },
                "timing_rule": "FREQ=MONTHLY;INTERVAL=1;BYMONTHDAY=1",
              },
            ],
            "timing_rule": "FREQ=WEEKLY;INTERVAL=1;BYDAY=FR,SA",
            "total_bounty_payout": "0 KES",
            "total_submission_target": null,
            "user_submission_target": 10,
            "xform_id_string": "other_food_commodity_price",
            "xform_ona_id": 328755,
            "xform_owner": "kaznet",
            "xform_owner_url": "https://api.ona.io/api/v1/users/kaznet",
            "xform_project_id": 64867,
            "xform_title": "Other Food Commodity Prices",
            "xform_version": "201807190807",
          },
          "id": "999",
          "relationships": Object {
            "bounty": Object {
              "data": null,
            },
            "client": Object {
              "data": Object {
                "id": "1",
                "type": "Client",
              },
            },
            "created_by": Object {
              "data": Object {
                "id": "3",
                "type": "User",
              },
            },
            "locations": Object {
              "data": Array [
                Object {
                  "id": "1",
                  "type": "Location",
                },
              ],
              "meta": Object {
                "count": 1,
              },
            },
            "parent": Object {
              "data": null,
            },
            "segment_rules": Object {
              "data": Array [],
              "meta": Object {
                "count": 0,
              },
            },
            "target_content_type": Object {
              "data": Object {
                "id": "16",
                "type": "ContentType",
              },
            },
          },
          "type": "Task",
        }
      }
    >
      <section
        className="detail-page-title"
      >
        <Col
          md={
            Object {
              "offset": 2,
              "size": 8,
            }
          }
          sm="12"
          tag="div"
          widths={
            Array [
              "xs",
              "sm",
              "md",
              "lg",
              "xl",
            ]
          }
        >
          <div
            className="col-sm-12 col-md-8 offset-md-2"
          >
            <div>
              <h1
                className="kaznet-detail-title"
              >
                <Link
                  className="kaznet-header-link"
                  replace={false}
                  to="/tasks"
                >
                  <a
                    className="kaznet-header-link"
                    href="/tasks"
                    onClick={[Function]}
                  >
                    Tasks
                  </a>
                </Link>
                 
                &gt; 
                Kaznet
                <Badge
                  className="kaznet-badge badge-active"
                  color="secondary"
                  pill={false}
                  tag="span"
                >
                  <span
                    className="kaznet-badge badge-active badge badge-secondary"
                  >
                    Active
                  </span>
                </Badge>
              </h1>
              <p
                className="kaznet-creation-detail"
              >
                Ona User
                ,
                 
                <t
                  ago={false}
                  calendar={false}
                  decimal={false}
                  element="time"
                  filter={[Function]}
                  format="DD-MM-YYYY"
                  fromNow={false}
                  interval={60000}
                  onChange={[Function]}
                  toNow={false}
                  unit={null}
                  unix={false}
                  utc={false}
                >
                  <time
                    dateTime={"2018-07-10T13:50:20.165Z"}
                  >
                    10-07-2018
                  </time>
                </t>
              </p>
              <Col
                md="12"
                tag="div"
                widths={
                  Array [
                    "xs",
                    "sm",
                    "md",
                    "lg",
                    "xl",
                  ]
                }
              >
                <div
                  className="col-md-12"
                >
                  <Row
                    className="kaznet-action-links"
                    tag="div"
                  >
                    <div
                      className="kaznet-action-links row"
                    >
                      <Link
                        className="action-link"
                        replace={false}
                        to="/tasks/999/edit"
                      >
                        <a
                          className="action-link"
                          href="/tasks/999/edit"
                          onClick={[Function]}
                        >
                          EDIT
                        </a>
                      </Link>
                        |  
                      <Link
                        className="action-link"
                        replace={false}
                        to="/tasks/999/clone"
                      >
                        <a
                          className="action-link"
                          href="/tasks/999/clone"
                          onClick={[Function]}
                        >
                          CREATE A COPY
                        </a>
                      </Link>
                        |  
                      <span>
                        <Link
                          className="action-link"
                          replace={false}
                          to="/tasks/999/status_change/?status=b"
                        >
                          <a
                            className="action-link"
                            href="/tasks/999/status_change/?status=b"
                            onClick={[Function]}
                          >
                            DEACTIVATE
                          </a>
                        </Link>
                          |  
                      </span>
                      <Button
                        className="remove_button_css action-link action-link-alert"
                        color="link"
                        onClick={[Function]}
                        tag="button"
                      >
                        <button
                          className="remove_button_css action-link action-link-alert btn btn-link"
                          onClick={[Function]}
                          type="button"
                        >
                          DELETE TASK
                        </button>
                      </Button>
                      <Modal
                        autoFocus={true}
                        backdrop={true}
                        backdropTransition={
                          Object {
                            "mountOnEnter": true,
                            "timeout": 150,
                          }
                        }
                        centered={false}
                        fade={true}
                        isOpen={false}
                        keyboard={true}
                        modalTransition={
                          Object {
                            "timeout": 300,
                          }
                        }
                        onClosed={[Function]}
                        onOpened={[Function]}
                        role="dialog"
                        toggle={[Function]}
                        zIndex={1050}
                      />
                      <Link
                        className="action-link archive-button"
                        replace={false}
                        to="/tasks/999/status_change/?status=e"
                      >
                        <a
                          className="action-link archive-button"
                          href="/tasks/999/status_change/?status=e"
                          onClick={[Function]}
                        >
                          <FontAwesomeIcon
                            border={false}
                            className="withspace"
                            fixedWidth={false}
                            flip={null}
                            icon="folder-open"
                            listItem={false}
                            mask={null}
                            name=""
                            pull={null}
                            pulse={false}
                            rotation={null}
                            size={null}
                            spin={false}
                            symbol={false}
                            transform={null}
                          >
                            <svg
                              aria-hidden="true"
                              className="svg-inline--fa fa-folder-open fa-w-18 withspace"
                              data-icon="folder-open"
                              data-prefix="fas"
                              role="img"
                              style={Object {}}
                              viewBox="0 0 576 512"
                              xmlns="http://www.w3.org/2000/svg"
                            >
                              <path
                                d="M572.694 292.093L500.27 416.248A63.997 63.997 0 0 1 444.989 448H45.025c-18.523 0-30.064-20.093-20.731-36.093l72.424-124.155A64 64 0 0 1 152 256h399.964c18.523 0 30.064 20.093 20.73 36.093zM152 224h328v-48c0-26.51-21.49-48-48-48H272l-64-64H48C21.49 64 0 85.49 0 112v278.046l69.077-118.418C86.214 242.25 117.989 224 152 224z"
                                fill="currentColor"
                                style={Object {}}
                              />
                            </svg>
                          </FontAwesomeIcon>
                          Archive
                        </a>
                      </Link>
                    </div>
                  </Row>
                </div>
              </Col>
            </div>
          </div>
        </Col>
      </section>
    </TaskDetailTitle>
  </Router>
</ErrorBoundary>
`;
